// Jest Snapshot v1, https://goo.gl/fbAQLP

exports[`lib1 snapshot 1`] = `
Object {
  "z": 1,
}
`;
