// Jest Snapshot v1, https://goo.gl/fbAQLP

exports[`With Snapshot Testing / 1`] = `
"<section class=\\"container\\"><div><div class=\\"VueToNuxtLogo\\"><div class=\\"Triangle Triangle--two\\"></div> <div class=\\"Triangle Triangle--one\\"></div> <div class=\\"Triangle Triangle--three\\"></div> <div class=\\"Triangle Triangle--four\\"></div></div> <h1 class=\\"title\\">
      nuxt
    </h1> <h2 class=\\"subtitle\\">
      My primo Nuxt.js project
    </h2> <div class=\\"links\\"><a href=\\"https://nuxtjs.org/\\" target=\\"_blank\\" class=\\"button--green\\">Documentation</a> <a href=\\"https://github.com/nuxt/nuxt.js\\" target=\\"_blank\\" class=\\"button--grey\\">GitHub</a></div></div></section>"
`;
